// Jest Snapshot v1, https://goo.gl/fbAQLP

exports[`CryptoCurrencyAutocomplete component tests matches snapshot 1`] = `[Function]`;
