// Jest Snapshot v1, https://goo.gl/fbAQLP

exports[`Portfolio Asset Tests matches snapshot 1`] = `[Function]`;
