// Jest Snapshot v1, https://goo.gl/fbAQLP

exports[`ConfirmModal component tests matches snapshot 1`] = `[Function]`;
