// Jest Snapshot v1, https://goo.gl/fbAQLP

exports[`StatsCard component tests matches snapshot 1`] = `[Function]`;
