// Jest Snapshot v1, https://goo.gl/fbAQLP

exports[`PortfolioTable component tests matches snapshot 1`] = `[Function]`;
