// Jest Snapshot v1, https://goo.gl/fbAQLP

exports[`RemoveAssetModal component tests matches snapshot 1`] = `[Function]`;
