// Jest Snapshot v1, https://goo.gl/fbAQLP

exports[`RemoveCryptoCurrencyModal component tests matches snapshot 1`] = `[Function]`;
