// Jest Snapshot v1, https://goo.gl/fbAQLP

exports[`EditAssetModal component tests matches snapshot 1`] = `[Function]`;
