// Jest Snapshot v1, https://goo.gl/fbAQLP

exports[`TableBodySubText component tests matches snapshot 1`] = `[Function]`;
