// Jest Snapshot v1, https://goo.gl/fbAQLP

exports[`AssetAutocomplete component tests matches snapshot 1`] = `[Function]`;
