// Jest Snapshot v1, https://goo.gl/fbAQLP

exports[`CryptoPortfolioTable component tests matches snapshot 1`] = `[Function]`;
