// Jest Snapshot v1, https://goo.gl/fbAQLP

exports[`EditCryptoCurrencyModal component tests matches snapshot 1`] = `[Function]`;
