// Jest Snapshot v1, https://goo.gl/fbAQLP

exports[`AddCryptoCurrencyModal component tests matches snapshot 1`] = `[Function]`;
