// Jest Snapshot v1, https://goo.gl/fbAQLP

exports[`CryptoPortfolioAsset Tests matches snapshot 1`] = `[Function]`;
