// Jest Snapshot v1, https://goo.gl/fbAQLP

exports[`ProfitLossLabel component tests matches snapshot 1`] = `[Function]`;
